com\PBO\TaleSwipe\dto\ReportRequest.class
com\PBO\TaleSwipe\service\CommentService.class
com\PBO\TaleSwipe\model\Like.class
com\PBO\TaleSwipe\repository\CommentRepository.class
com\PBO\TaleSwipe\controller\StoryController.class
com\PBO\TaleSwipe\config\security\JwtProperties.class
com\PBO\TaleSwipe\dto\StoryRequest$StoryRequestBuilder.class
com\PBO\TaleSwipe\model\User.class
com\PBO\TaleSwipe\dto\PreferenceRequest.class
com\PBO\TaleSwipe\dto\CommentResponse.class
com\PBO\TaleSwipe\model\Page.class
com\PBO\TaleSwipe\model\Like$LikeBuilder.class
com\PBO\TaleSwipe\dto\CommentResponse$CommentResponseBuilder.class
com\PBO\TaleSwipe\dto\ReportResponse.class
com\PBO\TaleSwipe\dto\PageResponse$PageResponseBuilder.class
com\PBO\TaleSwipe\controller\ReportController.class
com\PBO\TaleSwipe\model\Story$StoryBuilder.class
com\PBO\TaleSwipe\repository\StoryRepository.class
com\PBO\TaleSwipe\repository\UserRepository.class
com\PBO\TaleSwipe\service\UserService.class
com\PBO\TaleSwipe\model\Page$PageBuilder.class
com\PBO\TaleSwipe\dto\ReportRequest$ReportRequestBuilder.class
com\PBO\TaleSwipe\config\security\JwtAuthenticationFilter.class
com\PBO\TaleSwipe\model\Comment.class
com\PBO\TaleSwipe\service\impl\CommentServiceImpl.class
com\PBO\TaleSwipe\service\JwtService.class
com\PBO\TaleSwipe\controller\UserController.class
com\PBO\TaleSwipe\TaleswipeApplication.class
com\PBO\TaleSwipe\model\Comment$CommentBuilder.class
com\PBO\TaleSwipe\model\Report$ReportBuilder.class
com\PBO\TaleSwipe\service\impl\StoryServiceImpl.class
com\PBO\TaleSwipe\config\SecurityConfig.class
com\PBO\TaleSwipe\service\CustomUserDetailsService.class
com\PBO\TaleSwipe\model\Role.class
com\PBO\TaleSwipe\dto\ReportResponse$ReportResponseBuilder.class
com\PBO\TaleSwipe\dto\response\ErrorResponse$ErrorResponseBuilder.class
com\PBO\TaleSwipe\dto\StoryResponse$StoryResponseBuilder.class
com\PBO\TaleSwipe\model\User$UserBuilder.class
com\PBO\TaleSwipe\dto\response\UserResponse$UserResponseBuilder.class
com\PBO\TaleSwipe\dto\response\ApiResponse.class
com\PBO\TaleSwipe\dto\response\UserResponse.class
com\PBO\TaleSwipe\dto\LoginRequest.class
com\PBO\TaleSwipe\dto\LoginRequest$LoginRequestBuilder.class
com\PBO\TaleSwipe\model\Story.class
com\PBO\TaleSwipe\repository\ReportRepository.class
com\PBO\TaleSwipe\dto\response\ApiResponse$ApiResponseBuilder.class
com\PBO\TaleSwipe\dto\AuthResponse$AuthResponseBuilder.class
com\PBO\TaleSwipe\controller\CommentController.class
com\PBO\TaleSwipe\dto\AuthResponse.class
com\PBO\TaleSwipe\dto\CommentRequest$CommentRequestBuilder.class
com\PBO\TaleSwipe\dto\response\PaginationResponse$PaginationResponseBuilder.class
com\PBO\TaleSwipe\service\ReportService.class
com\PBO\TaleSwipe\service\StoryService.class
com\PBO\TaleSwipe\dto\response\PaginationResponse.class
com\PBO\TaleSwipe\dto\StoryResponse.class
com\PBO\TaleSwipe\dto\CommentRequest.class
com\PBO\TaleSwipe\dto\StoryRequest.class
com\PBO\TaleSwipe\dto\response\ErrorResponse.class
com\PBO\TaleSwipe\model\Report.class
com\PBO\TaleSwipe\model\UserRole.class
com\PBO\TaleSwipe\dto\RegisterRequest$RegisterRequestBuilder.class
com\PBO\TaleSwipe\service\impl\ReportServiceImpl.class
com\PBO\TaleSwipe\dto\PageResponse.class
com\PBO\TaleSwipe\dto\RegisterRequest.class
