D:\kuliah\semester 4\PBO\tubes\TaleSwipe_BE\demo\src\main\java\com\PBO\TaleSwipe\config\security\JwtAuthenticationFilter.java
D:\kuliah\semester 4\PBO\tubes\TaleSwipe_BE\demo\src\main\java\com\PBO\TaleSwipe\config\security\JwtProperties.java
D:\kuliah\semester 4\PBO\tubes\TaleSwipe_BE\demo\src\main\java\com\PBO\TaleSwipe\config\SecurityConfig.java
D:\kuliah\semester 4\PBO\tubes\TaleSwipe_BE\demo\src\main\java\com\PBO\TaleSwipe\config\WebConfig.java
D:\kuliah\semester 4\PBO\tubes\TaleSwipe_BE\demo\src\main\java\com\PBO\TaleSwipe\controller\CommentController.java
D:\kuliah\semester 4\PBO\tubes\TaleSwipe_BE\demo\src\main\java\com\PBO\TaleSwipe\controller\FeedController.java
D:\kuliah\semester 4\PBO\tubes\TaleSwipe_BE\demo\src\main\java\com\PBO\TaleSwipe\controller\ReportController.java
D:\kuliah\semester 4\PBO\tubes\TaleSwipe_BE\demo\src\main\java\com\PBO\TaleSwipe\controller\StoryController.java
D:\kuliah\semester 4\PBO\tubes\TaleSwipe_BE\demo\src\main\java\com\PBO\TaleSwipe\controller\UserController.java
D:\kuliah\semester 4\PBO\tubes\TaleSwipe_BE\demo\src\main\java\com\PBO\TaleSwipe\dto\AuthResponse.java
D:\kuliah\semester 4\PBO\tubes\TaleSwipe_BE\demo\src\main\java\com\PBO\TaleSwipe\dto\CommentRequest.java
D:\kuliah\semester 4\PBO\tubes\TaleSwipe_BE\demo\src\main\java\com\PBO\TaleSwipe\dto\CommentResponse.java
D:\kuliah\semester 4\PBO\tubes\TaleSwipe_BE\demo\src\main\java\com\PBO\TaleSwipe\dto\LoginRequest.java
D:\kuliah\semester 4\PBO\tubes\TaleSwipe_BE\demo\src\main\java\com\PBO\TaleSwipe\dto\PageResponse.java
D:\kuliah\semester 4\PBO\tubes\TaleSwipe_BE\demo\src\main\java\com\PBO\TaleSwipe\dto\PreferenceRequest.java
D:\kuliah\semester 4\PBO\tubes\TaleSwipe_BE\demo\src\main\java\com\PBO\TaleSwipe\dto\RegisterRequest.java
D:\kuliah\semester 4\PBO\tubes\TaleSwipe_BE\demo\src\main\java\com\PBO\TaleSwipe\dto\ReportRequest.java
D:\kuliah\semester 4\PBO\tubes\TaleSwipe_BE\demo\src\main\java\com\PBO\TaleSwipe\dto\ReportResponse.java
D:\kuliah\semester 4\PBO\tubes\TaleSwipe_BE\demo\src\main\java\com\PBO\TaleSwipe\dto\response\ApiResponse.java
D:\kuliah\semester 4\PBO\tubes\TaleSwipe_BE\demo\src\main\java\com\PBO\TaleSwipe\dto\response\ErrorResponse.java
D:\kuliah\semester 4\PBO\tubes\TaleSwipe_BE\demo\src\main\java\com\PBO\TaleSwipe\dto\response\PaginationResponse.java
D:\kuliah\semester 4\PBO\tubes\TaleSwipe_BE\demo\src\main\java\com\PBO\TaleSwipe\dto\response\UserResponse.java
D:\kuliah\semester 4\PBO\tubes\TaleSwipe_BE\demo\src\main\java\com\PBO\TaleSwipe\dto\StoryInteractionRequest.java
D:\kuliah\semester 4\PBO\tubes\TaleSwipe_BE\demo\src\main\java\com\PBO\TaleSwipe\dto\StoryRequest.java
D:\kuliah\semester 4\PBO\tubes\TaleSwipe_BE\demo\src\main\java\com\PBO\TaleSwipe\dto\StoryResponse.java
D:\kuliah\semester 4\PBO\tubes\TaleSwipe_BE\demo\src\main\java\com\PBO\TaleSwipe\model\Comment.java
D:\kuliah\semester 4\PBO\tubes\TaleSwipe_BE\demo\src\main\java\com\PBO\TaleSwipe\model\Like.java
D:\kuliah\semester 4\PBO\tubes\TaleSwipe_BE\demo\src\main\java\com\PBO\TaleSwipe\model\Page.java
D:\kuliah\semester 4\PBO\tubes\TaleSwipe_BE\demo\src\main\java\com\PBO\TaleSwipe\model\Report.java
D:\kuliah\semester 4\PBO\tubes\TaleSwipe_BE\demo\src\main\java\com\PBO\TaleSwipe\model\Role.java
D:\kuliah\semester 4\PBO\tubes\TaleSwipe_BE\demo\src\main\java\com\PBO\TaleSwipe\model\Story.java
D:\kuliah\semester 4\PBO\tubes\TaleSwipe_BE\demo\src\main\java\com\PBO\TaleSwipe\model\User.java
D:\kuliah\semester 4\PBO\tubes\TaleSwipe_BE\demo\src\main\java\com\PBO\TaleSwipe\model\UserRole.java
D:\kuliah\semester 4\PBO\tubes\TaleSwipe_BE\demo\src\main\java\com\PBO\TaleSwipe\model\UserStoryInteraction.java
D:\kuliah\semester 4\PBO\tubes\TaleSwipe_BE\demo\src\main\java\com\PBO\TaleSwipe\repository\CommentRepository.java
D:\kuliah\semester 4\PBO\tubes\TaleSwipe_BE\demo\src\main\java\com\PBO\TaleSwipe\repository\ReportRepository.java
D:\kuliah\semester 4\PBO\tubes\TaleSwipe_BE\demo\src\main\java\com\PBO\TaleSwipe\repository\StoryRepository.java
D:\kuliah\semester 4\PBO\tubes\TaleSwipe_BE\demo\src\main\java\com\PBO\TaleSwipe\repository\UserRepository.java
D:\kuliah\semester 4\PBO\tubes\TaleSwipe_BE\demo\src\main\java\com\PBO\TaleSwipe\repository\UserStoryInteractionRepository.java
D:\kuliah\semester 4\PBO\tubes\TaleSwipe_BE\demo\src\main\java\com\PBO\TaleSwipe\service\CommentService.java
D:\kuliah\semester 4\PBO\tubes\TaleSwipe_BE\demo\src\main\java\com\PBO\TaleSwipe\service\CustomUserDetailsService.java
D:\kuliah\semester 4\PBO\tubes\TaleSwipe_BE\demo\src\main\java\com\PBO\TaleSwipe\service\FeedService.java
D:\kuliah\semester 4\PBO\tubes\TaleSwipe_BE\demo\src\main\java\com\PBO\TaleSwipe\service\impl\CommentServiceImpl.java
D:\kuliah\semester 4\PBO\tubes\TaleSwipe_BE\demo\src\main\java\com\PBO\TaleSwipe\service\impl\FeedServiceImpl.java
D:\kuliah\semester 4\PBO\tubes\TaleSwipe_BE\demo\src\main\java\com\PBO\TaleSwipe\service\impl\ReportServiceImpl.java
D:\kuliah\semester 4\PBO\tubes\TaleSwipe_BE\demo\src\main\java\com\PBO\TaleSwipe\service\impl\StoryServiceImpl.java
D:\kuliah\semester 4\PBO\tubes\TaleSwipe_BE\demo\src\main\java\com\PBO\TaleSwipe\service\JwtService.java
D:\kuliah\semester 4\PBO\tubes\TaleSwipe_BE\demo\src\main\java\com\PBO\TaleSwipe\service\ReportService.java
D:\kuliah\semester 4\PBO\tubes\TaleSwipe_BE\demo\src\main\java\com\PBO\TaleSwipe\service\StoryService.java
D:\kuliah\semester 4\PBO\tubes\TaleSwipe_BE\demo\src\main\java\com\PBO\TaleSwipe\service\UserService.java
D:\kuliah\semester 4\PBO\tubes\TaleSwipe_BE\demo\src\main\java\com\PBO\TaleSwipe\TaleswipeApplication.java
